[presets/configurations]

config stored in /etc/gitconfig

$ git config --global user.name "John Doe"
$ git config --global user.email johndoe@example.com

$ git config --global core.editor emacs
$ git config --global core.editor "C:/Program Files/Notepad++/notepad++.exe"

# set your command alias, now `git his` == `git log --pretty=oneline --graph`
$ git config --global alias.his log --pretty=oneline --decorate --graph


[installation]

$ sudo dnf install git-all
$ tar -zxf git-2.8.0.tar.gz
$ cd git-2.8.0
$ make configure
$ ./configure --prefix=/usr
$ make all doc info
$ sudo make install install-doc install-html install-info

$ git clone git://git.kernel.org/pub/scm/git/git.git  # self update


[local basic workflow]

$ git init
$ touch .gitignore 
$ git add *.c
$ git add LICENSE
# show short description of status
$ git status -s
$ git commit -m 'Initial project version'
...modify some file...
$ git rm --cached file.txt
$ git mv file_from file_to
...modify some file...
$ git commit -am 'mod some file'
$ git log -pretty=oneline --graph
NOTE: press `q` to quit log/diff
...fix some typo error...
$ git diff --cached
$ git commit --amend
$ git diff


[remote basic workflow]

branch 1: `origin` is default name for remote url,remname it to bks
$ git clone https://github.com/martinhunter/books.git
$ git remote rename origin bks
branch 2
$ git clone https://github.com/martinhunter/books.git/ -o bks
branch 3
$ git remote add bks https://github.com/martinhunter/books.git
$ git clone bks

$ git remote -v
$ git remote show bks
$ git fetch bks
...remote adds/modifies fix3-branch...
NOTE: pull will fetch and merge fix3-branch to current branch. creating a new branch to merge is recommended
$ git checkout -b temp
$ git pull bks fix3-branch
...solve merge(intro is later)...
$ git checkout master
$ git merge fix3-branch

$ git show
# hash is 412724
... do some work...
$ git commit -m "1.1"
$ git tag -a v1.1 -m "my version 1.1"
$ git tag -a v1.0 412724 -m "my merged version"
$ git show v1.0
$ git tag -d v1.0

# input name and password for the first time
$ git config --global credential.helper cache. 
$ git push bks master

# if v1.9 is a remote tag, the following 2 ways to delete v1.9
$ git push bks :refs/tags/v1.9
$ git push origin --delete v1.9


[create branch]

$ git checkout -b hotfix
...do some work and commit...
$ git checkout master
$ git merge hotfix
# show branches that are have been merged into current branch
$ git branch --merged
$ git branch -d hotfix





[basic development structure ???]

$ git init
$ git commit -m initial-version
$ git checkout -b development
...do some commits...
$ git commit -m "development process 3"
$ git checkout -b topic
...do some commits...
$ git commit -m "unstable topic branch"

* c4705fb (HEAD -> devlop) devlop-3
* 9be07e4 devlop-2
* 436fb18 devlop-1
* c7f7d92 (master) quick-init
* 3515c23 init
$ git checkout master
# git merge hash will merge to specified node
$ git merge 9be07e4
* c4705fb (HEAD -> devlop) devlop-3
* 9be07e4 (master) devlop-2
* 436fb18 devlop-1
* c7f7d92 quick-init
* 3515c23 init


[remote teamwork]

$ git remote add team-bks https://github.com/workteam/books.git/
$ git fetch team-bks
$ git checkout bks/master
...do some work, commit will fail and need to create new branch(based on bks/master) to store changes...
$ git checkout -b remote-server-fix
$ git add hotfixfile.txt
$ git commit -m 'server fixed'
branch 1: push to remote-server-fix branch on remote server
$ git push bks remote-server-fix
branch 2: push to serverfix branch on remote server
$ git push bks remote-server-fix:serverfix

$ git branch -d serverfix
...do more mod on serverfix on remote...
$ git fetch bks
$ git merge bks/serverfix

branch 1: track remote
$ git checkout --track bks/serverfix
branch 2: track and set a different name
$ git checkout -b sf bks/serverfix

# change tracked branch
$ git branch -u bks2/serverfix2
$ git branch -vv 

...do more mod on serverfix on remote...
$ git pull
# delete server-hot-fix branch on server
$ git push local2 --delete aonther-server-hot-fix 


[Merging: rebase]

# pull and rebase remote to master
$ git pull --rebase

$ git rebase master my-local-topic-branch


[Merging: merge]
















